// Jest Snapshot v1, https://goo.gl/fbAQLP

exports[`Default layout renders correctly 1`] = `
Array [
  <header
    className="header"
  >
    <h1
      className="logo"
    >
      <a
        href="/"
      >
        Educodar
      </a>
    </h1>
    <nav />
  </header>,
  <div
    className="verticalSpacing4x"
  />,
  <main
    className="main"
  />,
  <div
    className="verticalSpacing4x"
  />,
  <footer
    className="footer"
  >
    <div>
      2019-
      2020
       
      <strong>
        Educodar
      </strong>
    </div>
    <a
      href="/codigo-de-conduta"
      rel={null}
      target="_self"
    >
      Código de Conduta
    </a>
  </footer>,
]
`;
