// Jest Snapshot v1, https://goo.gl/fbAQLP

exports[`Default layout renders correctly 1`] = `
Array [
  <header>
    <div
      className="logo"
    >
      <a
        href="/"
      >
        Educodar
      </a>
    </div>
    <nav />
  </header>,
  <main
    style={
      Object {
        "margin": "0 auto",
        "maxWidth": 768,
      }
    }
  />,
  <footer>
    <a
      href="/"
    >
      Privacidade e Uso de Dados
    </a>
    <a
      href="/"
    >
      Termos de uso
    </a>
  </footer>,
]
`;
