// Jest Snapshot v1, https://goo.gl/fbAQLP

exports[`FAQ Item component renders correctly 1`] = `
<div
  itemProp="mainEntity"
  itemScope={true}
  itemType="https://schema.org/Question"
>
  <dt
    itemProp="name"
  />
  <dd
    itemProp="acceptedAnswer"
    itemScope={true}
    itemType="https://schema.org/Answer"
  >
    <div
      itemProp="text"
    />
  </dd>
</div>
`;
